I'm sorry, but errors were detected in your script. Please correct the
errors listed below, and try again.


File "game/script.rpy", line 36: expected statement.
    e = Character("control", color="pink")
      ^

Ren'Py Version: Ren'Py 8.5.2.26010301
Wed Apr  1 22:27:23 2026
